// Jest Snapshot v1, https://goo.gl/fbAQLP

exports[`DayView component renders as expected 1`] = `
Array [
  <section
    id="date-picker"
  >
    <button
      onClick={[Function]}
      type="submit"
    >
      ←
    </button>
    <div
      className="react-datepicker-wrapper"
    >
      <div
        className="react-datepicker__input-container"
      >
        <input
          className=""
          disabled={false}
          onBlur={[Function]}
          onChange={[Function]}
          onClick={[Function]}
          onFocus={[Function]}
          onKeyDown={[Function]}
          readOnly={false}
          type="text"
          value="01/01/2021"
        />
      </div>
    </div>
    <button
      onClick={[Function]}
      type="submit"
    >
      →
    </button>
  </section>,
  <section
    id="daily-entry"
  >
    <div
      id="daily-entry-holder"
    >
      <form
        id="morning-form"
        onSubmit={[Function]}
      >
        <h3>
          Morning Intentions
        </h3>
        <span>
          Loading...
        </span>
      </form>
      <hr />
      <form
        id="evening-form"
        onSubmit={[Function]}
      >
        <h3>
          Evening Reflections
        </h3>
        <span>
          Loading...
        </span>
      </form>
    </div>
    
  </section>,
]
`;

exports[`DayView component renders as expected while loading 1`] = `
Array [
  <section
    id="date-picker"
  >
    <button
      onClick={[Function]}
      type="submit"
    >
      ←
    </button>
    <div
      className="react-datepicker-wrapper"
    >
      <div
        className="react-datepicker__input-container"
      >
        <input
          className=""
          disabled={false}
          onBlur={[Function]}
          onChange={[Function]}
          onClick={[Function]}
          onFocus={[Function]}
          onKeyDown={[Function]}
          readOnly={false}
          type="text"
          value="01/01/2021"
        />
      </div>
    </div>
    <button
      onClick={[Function]}
      type="submit"
    >
      →
    </button>
  </section>,
  <section
    id="daily-entry"
  >
    <div
      id="daily-entry-holder"
    >
      <form
        id="morning-form"
        onSubmit={[Function]}
      >
        <h3>
          Morning Intentions
        </h3>
        <span>
          Loading...
        </span>
      </form>
      <hr />
      <form
        id="evening-form"
        onSubmit={[Function]}
      >
        <h3>
          Evening Reflections
        </h3>
        <span>
          Loading...
        </span>
      </form>
    </div>
    
  </section>,
]
`;
